data:image/png;base64,iVBORw0KGgoAAAANSUhEUgAAADIAAAAyCAYAAAAeP4ixAAAACXBIWXMAAA7EAAAOxAGVKw4bAAAJaElEQVRogY1aa5rjOA4DaPeRdw6w155Y2B8EKcqpmp3U53biOBJBgA/Jzf/89y8BAAEQAgEEgUAeF4GbdSZuAn8CuIP44+O+iD9X+H3gzxW4r8B1XT4HIi5cV4BxIeICIkBeEAPyeWEfDwKPAh8EHhGPiI/8HsQjYIlYAGRbx4v/8On/fKOf7vvxYl7Xv7kP4L8c9y6TWAfZ72GG8vvfYf2DHYDKaJ8lSAApSBo/nu9xXhPHZ4zPtlOplhPIGOYENb6XPXXM7QmVBkoyiH1IC/Q90BxgHDWwlLNpjj1sm/gB3IETHeH44Bk38643NxuUxlnAEsQEgMW8USuNWgRieeQ6/wLQ4FnAVPOqNXOX19+sbAB8XS9P8AcA6EmxBHDltQWAzHPNFOM6x/mwRgaw5UltVQBsZu7rB0a+WfGh15woENxg1gJoKxkJZjsRKhMF8JhgAimWJiBsdoYt8oh3OEjerMQ4viQ2rGKBWdwXVkpFPBOjYDkoMUrHBDbgiNIGRNQPdNhAw7mv8cNTQkRAB6AvUEfCSQNzXjVs+e8d+NAFhJMAr3T0od13mpHnTQY2I/m6L26P0Zfrpm8ABiH2vYCG9lFmn0Y4Y0kBKUAFJIHreg++5cVxgWcy2HOzgR2MNFLuQA/pBOPvS0VVb4qJI9kIkJhZSwQUQIFZgsJJITQCEFtedLIhQSwnnpIXzXeeX0C2rADl+E4wFBA1gK9Tm8FOYQapDv4cQEEoAooAIpMAYwGxoJW/UwwgBtFskO0hcsdKie6Q1iEvIy1WyAlmxweVRlCuEbSnpSwZFaOLbuIKSECxmo1kZxN3SKwOs1Py0igdX4y07trrZkUveY32JdPQ+j7TkosyMFkBEwwHkB486OLJZi6PSLvooC/n8VcgW1p91g8B34DMYqesnFhcGfghaCmzUjC9GAHEBTGlhfB9BSRSXpJBc4Fc9my0fPPMAlLSEt6vrqIcDpMQoHsmN9FVrCAIC8DTgLBW1hPmnAxCTCCIC4w7ZRW+J4YEtdlrVrgy+JnZszTeBXFm5XdJqgzVwT4Cjd2imBEtCAvCkweLofS4WjIXGFfHiZwQcNGZLoBlwDJzXJsRpryqU/hRWqfMJjs8ZdWJaha6BegxKx8AC+KTQKA0trwct6WF7omkSgiXWXk6bbPjSV1qKUI8GNE2e7xtRliplzgaSadZrgKxGkyy8oFaas40QYDFhoFcZkQBxQVcH0CXpVrrwEzZXAEVI8wYvi/+JKgKIn/jQKGGpHZYNCMTjPQA+uSBj4N/OVZojz9grEy3cp3RBVwXhCvHwJPtTIPZrKRVKa+jje9MgG+55WVX2ZbZBGRpFZj1JCv6mJUPhAUWEEayccmSCui6IF2Q7gRxmclKHAVmdgQimNL6KSpeGczYughOaR0MFQizYjDQ38kKnvRfMbKc8SLbFugCrjulyEwU85j9D53WK+DvWddbTd0OcMSLnPYwCu6Ir7GyU4FZKxnRA+lvAI/lRWBV9wvgsqQcU6hsh2cXVieLLrjaAQ+MNfuWj22aBAGdszlWVaMtOtnrjnGC+YD6dJyAl+8JQB/o+gA0a3ygx4w8q1M4uPuyltYBRMNoM/8ujxzf9ecCUQxhL0uFat0XuJZZSW/nANVY/Q3hBvgAL+O1lJnNa//O+e6c9y4MvR00FcLU+lFeNAzXMHzI7AyY7amq9jSoBgIA6+l4qLYmOwGDWAYRKafamTl2aCzn+/D9MHS3HQXU4GLb+huYlt8IMbWntD1mA2ujQkzjy9t9DAY2iHR4jXvj/eqGrDBs705ZdacQFT9usd+7IqTTLXvozfT27PT2b8e8V0ePB9ydUycxltcuEhUL1UL7wmRHyJyeDVUWOIU/e/3BKzONFrL1jHZVn4VhvN/jvFbMyhIWgPtYcB/MDGXViqx2dwoAYIkUCDSIuazN0n3lsUzj19ZGpQo2qIUXGFQSGQw2I03RYLwZ2BIoMKiOesqr2vrd7DeQbC/uMssp0THCO9Owd+OBlKHdll1wAZgys5XCYCQzybb6q4V8yYsGAyBXchdGpSfoXRJcxcKdgVztyaq1L/N73hAvS88L6QLDWctxsAKD6xhR03HScuzwvnaMWTIjwMX+xT7y2Ud7+7lRa+xdCPM+8U+C8UJLYUC01Jxh3tLKGNkuvzVihKY0C+II8n6ps1rXp2ICAVr74AU8azBiu1e4dSmP5vfiDUSCqYc+aDA77MqqTuWojUBZWpxymhIbvYiZqfqxRxzVkQQZ4BMtGxBZA8ksgAVEBeSCmGDkxVSystN2bcnVYxENhXSwL+SO+Y6HIRUOaANMpeYuisvtvT2ZIAQ8TVnGxpOZItcfyNYdmxXxMiu5giwwG1DOfzLSMfL4MnvNgTojq7R83vIaOUC117QZAQU+BrOQhqyUnNbay3tlClYDySxWYHLriPsZz1AODlaAezlrpf07+0TnqLPjzXsdP7UHLIIr8vpsVxaAxxeeGD2Uen1erIh3nt8ggg0m03ND6WBQSwslk83G3C/psHq18PUP5e8UBrEllbFBN4TqI0EQS7kWES8z40wXk5EJBodTd/qVpVVLWCYblfp2/8Rh3B6vq7sZyrwM7xgORqohXDArxGpGBph+ZB3e0NvymnPvvihfByOlCR1HnINMQIaz42XLC1Uq6JT75MS9vxWA1gRSEttANpjhyIORnUKPGKnY2Bv44SXn72AqTR/P9hgd/LtFTjbwZGcgPz+sZyYLBmIwXelnN90gKvezz/fCkx+1QQSJ5U8YYNr4GFmszpVWvDufzWEBkSVSnWwVuRHwncGqVRnxET+AecnszpY6DVsY8QF44ALhlmCyUSka4309a2fuc50tkCvAyl/l9vFbXgPMudPxknR7rxhZo4obhCyFAsPq/WcV3HNgjLCbItNOV+JxRrGx6hw9bwPBDvSv7DLBeNJkhJlCwz/OTWiX315/a4CYYF4RyASRLZn8fGRnl81LSbGc57kVnWiqDGzjB4KOz24aq+WwnLQMZv+dQLRH6YD3fpemq5Dahvzg5vRoP/hZLnqdivkDkJm12AA0wI02/lDxwcZsD6bzz4Cjlccxoq/HcWX/uP7nQxmeBagH/prXn3dkbMvvaoQ77wMvNk6Ic0CO9/PifHj9BXokjH5eMuMT2IwMZo7hZqJs+L0eHt4/Xjq8sI0ebUgBGO8PAG9d2diSzPHfdobRByMv4w8LCfwPPAJHZNgFDYEAAAAASUVORK5CYII=