data:image/png;base64,iVBORw0KGgoAAAANSUhEUgAAABAAAAAQCAYAAAAf8/9hAAAACXBIWXMAAA7EAAAOxAGVKw4bAAACOklEQVQ4jVWTO2tUURSFv3XmMNxcx2EMIb4lCCqIYBAtbNTCXksbUURQAxbWvjASf4CFIlho7X8QQhrBB9hZS5AEdRiGy+XOZTzL4s7EuOAUB85e++xv7y0menD7Ri75OHifcBsxBDaAdazB8ss3CeD+rZsZVmaUgWKcGkiO4NgEuw1kQATaiACkydMaASaBQ2tqcOHMyV0SB5DnJO+QLMkjiRIYnT+zWK9+/Mra5y9e+/xlfO70qRGoEsDjpasBcRR8QrCAnIML0Drmu9G6HfqgcvnFW7YrACikXEqzUppX+LNXSvuldFBKC1I6JPmAlObBvUdL18J2g9aTu1eixLyUDgelI5IXpLRbcldqOAgCUgS1AJ0/vVivfvr6ByBKqQP0BLPIc+A9wNwEbReUQZjBqQN0IHQs5Q/vXO+DqiilTJCDc0QH3G0MFDAZIpoUIWTgHNzBzkEdoIySAW8xEY5ANLSREw49QQ0k/+MWJ20uopQqoAQK8BAYAl1BZqsSTpYCpg3kwE6gAmpMiE276AN9wSbwY5IpEx4bFVhDwxBUgkZYNWhslFrvP3xLF88eGwtmaE4EjYCBCZsmbBhtQNjE4Zcdfpvwyw4D0HA6yuVk7nuTGn+CAk3tBajCKo0qUIHDAKswKjWl9+zepRw4bLQH6GAlEwo7lE6tMrlVO7Wq5FDaobBDvfLq9XhrmRow6jc/0ABUY4ZNJkpgDIyfTrZyKm2/rNy73AVmQdFWhTW0Q/Hw+bv/grbrLxI+/yUAhpbBAAAAAElFTkSuQmCC