<img src="data:image/png;base64,iVBORw0KGgoAAAANSUhEUgAAACAAAAAgCAYAAABzenr0AAAQxklEQVR4AQCBAH7/AC+Mgv8zjYP/OZCE/0GUhf9LloX/VJiE/16Zgf9nmH3/cJh4/3uYdf+Gm3T/lJ91/6Klef+xrX//vrWF/8m8jP/RwZH/1cOV/9TDlv/QwZf/yr6X/8K6l/+6uJj/s7aa/6y2nv+ntqP/o7io/5+6rf+cu7L/mr22/5i+uP+Xvrn/AIEAfv8ALoh+/zGKf/83jYH/QJCC/0mTgv9SlID/XJV9/2WUef9ulHT/eJRx/4OWcP+RmnH/n6B0/62oev+7sIH/xreH/868jf/Sv5D/0b+S/829k//HupP/wLeT/7i0lP+xs5f/q7Kb/6a0oP+itab/nrer/5u5sP+Zu7T/mLy2/5e8uP8AgQB+/wArgnj/LoR5/zWHe/89inv/Rox7/0+Oev9Yjnb/YY1y/2qMbf9zjGn/f45o/4uSaP+Zl2z/qJ9x/7WneP/Arn7/yLOE/8y2iP/Mtor/yLWL/8OyjP+8r4z/tK2O/66skv+orZb/pK6c/6Cwov+ds6j/mrWt/5i3sf+XuLP/lri1/wCBAH7/ACl7cf8sfXL/Mn9z/zqCdP9DhHT/TIVy/1SFbv9dhGn/ZYNk/26CYP95g13/hYZe/5OMYf+hk2b/rptt/7mic//Bp3n/xap9/8WrgP/CqoH/vaiC/7emhP+wpIb/qqSK/6WlkP+hp5b/nqqc/5yto/+Zr6j/mLGt/5ezr/+Ws7H/AIEAfv8AKHRr/yx2bP8xeG3/OXtt/0J9bf9KfWr/Un1m/1p7YP9ieVv/andW/3R4U/+Ae1P/jYBV/5qGWv+njmD/spRn/7qabP++nXH/v550/7yedv+4nHj/spt6/6yaff+nm4L/o52I/5+gj/+do5f/m6ae/5mppP+YrKj/l62s/5eurf8AgQB+/wArb2b/LnFn/zRzaP88dWj/RHdn/0x3ZP9TdmD/WnNa/2FxU/9pbk3/cm5K/3xwSf+IdEv/lXpP/6KBVf+siFv/tI1h/7iQZf+5kmn/t5Jr/7ORbv+ukHH/qZB1/6WSe/+hlIL/n5iK/52ckv+coJn/m6Sg/5qnpf+ZqKj/mamq/wCBAH7/ADJuZf81b2b/O3Fm/0JzZ/9KdWX/UXRi/1hyXP9eb1b/ZGtO/2toSP9zZ0P/fGhB/4hrQv+UcEb/n3dL/6l9Uf+xglf/tYVb/7aHX/+1h2L/sYdl/62Haf+oiG7/pYp1/6KNfP+gkoX/n5eO/56blv+en53/naKi/52kpv+cpaj/AIEAfv8APXBn/0BxaP9Fc2j/THVo/1R2Z/9bdWP/YXJd/2ZuVf9rak3/cWZG/3hjQP+AYz3/i2U9/5ZqQP+gb0X/qnVK/7F5UP+1fVT/t35Y/7V/XP+yf1//roBk/6qBaf+nhHH/pYh5/6SNgv+jkoz/o5iU/6OcnP+ioKL/oqKm/6KjqP8AgQB+/wBLdWz/TnZt/1R4bf9aeW3/YXpr/2h5Z/9tdmH/cnFY/3ZrUP97Zkf/gWNB/4hiPf+RYzz/m2Y+/6VrQv+ucEb/tXRL/7h3UP+5eVT/uHlY/7V6XP+ye2D/rn1n/6yAbv+qhXj/qYqB/6mQi/+plpX/qZqc/6meo/+poaf/qaKp/wCBAH7/AFt7c/9efHT/ZH50/2qAdP9xgHL/d39t/3x7Z/+Adl7/hHBU/4dqS/+MZUT/kmM//5pjPf+jZT7/rGlB/7RtRf+6cUr/vnRO/791Uv+9dlb/unda/7d4X/+0emb/sn5u/7CDeP+wiYL/sI+M/7GVlv+xmp7/sZ6l/7Ghqf+xoqv/AIEAfv8Aa4J6/26Dev90hXv/eod7/4GHef+HhnT/jIJt/498ZP+SdVr/lW5Q/5lpSP+eZkL/pWVA/61mQP+1aUL/vG1G/8JwSv/Fck7/xXNS/8R0Vf/BdVr/vXZf/7p4Zv+4fG//t4J5/7eIg/+4jo7/uJWY/7maof+5nqf/uqGs/7qirv8AgQB+/wB5h3//fIh//4GKgP+IjID/j41+/5WLev+ah3P/nYFp/596X/+hc1X/pG1M/6lpRv+vZ0L/tmhC/71qQ//EbUb/yW9K/8txTv/LclH/ynJV/8dzWv/DdF//wHdm/757b/++gXr/voeF/76OkP+/lJr/wJqj/8Ceqf/Boa7/waKw/wCBAH7/AIKJgP+Fi4H/i42C/5KPgv+ZkIH/oI58/6SKdv+nhGz/qn1i/6t1WP+ub07/smpI/7doRP++aEP/xGpE/8psRv/Obkr/0G9N/9BwUf/OcFT/y3FZ/8hyX//FdWb/w3lv/8J/ef/ChYX/w4yQ/8STmv/FmKP/xZ2q/8agr//GobH/AIEAfv8Ah4d9/4qJfv+Qi4D/l46A/5+Pf/+mjnz/q4p1/66FbP+wfWL/snZY/7RvTv+4akf/vGdD/8JnQv/IaEL/zmpF/9FrSP/TbEv/0m1O/9BtUv/NbVf/yW9c/8ZxZP/Edm3/xHt4/8SCg//FiY//xpCZ/8eVov/Hmqn/yJ2u/8ifsf8AgQB+/wCGgXb/iYN4/5CGef+YiXr/oIt6/6eKd/+th3H/sIJp/7J7X/+0c1X/tm1L/7pnRP++ZED/xGQ+/8lkP//OZkH/0WdE/9NoR//SaEr/z2hO/8xoUv/Ialj/xWxg/8Nwaf/CdnT/wn2A/8OEi//Ei5b/xZGf/8aVpv/GmKv/x5qu/wCBAH7/AIF5bP+Fe27/i35w/5SBcv+dhHL/pIRw/6uCa/+vfWP/sXZa/7NvUP+1aEf/uWNA/71gO//CXzr/x186/8xhPP/PYj//0GJC/89iRf/MYkn/yGJN/8RjU//BZlr/v2pk/75wb/++dnr/v32G/8CEkf/Bipr/wo+h/8KSpv/Ck6n/AIEAfv8Aem9h/35xY/+FdWb/jnlo/5d8af+gfWf/pnxj/6t3XP+ucVP/sGpK/7NkQf+2Xzr/uls2/79aNP/EWjX/yFs2/8pcOf/LXDz/yVw//8ZcQv/CW0f/vlxM/7tfVP+4Y13/t2ho/7dvdP+4doD/uX2K/7qDlP+7h5v/u4qg/7uMo/8AgQB+/wByZ1f/dmlZ/31tXP+Hcl//kXZh/5p3YP+hdlz/p3NW/6ptTv+tZkX/r2A8/7JbNv+2WDH/u1Yw/79WMP/DVzL/xlc0/8ZXN//EVzr/wFY9/7xVQf+3Vkf/s1hO/7FcV/+vYWL/r2ht/7Bvef+xdYT/snuN/7KAlf+zg5r/s4Sc/wCBAH7/AGxiUP9wZFL/eGlV/4JuWf+Mclv/lnRb/550WP+kcVL/p2tL/6plQv+tXzr/sFoz/7RXL/+4VS3/vFUu/8BVL//BVTH/wVU0/79UNv+7Ujn/tlE9/7FSQv+sU0n/qVdS/6hcXf+nYmj/p2l0/6hvfv+pdYj/qXmP/6p8lP+qfpf/AIEAfv8AaWFN/21kT/91aFP/gG5X/4tzWv+Vdlr/nXZY/6NzU/+nbkv/qmhD/61iO/+vXDT/s1kw/7dXLv+7Vi7/vlYv/79WMf++VTP/u1M2/7dSOP+xUDv/q1BA/6dRR/+jVFD/oVla/6BeZf+gZXD/oGt7/6FxhP+hdYv/oniQ/6J6k/8AgQB+/wBpZU//bmhR/3ZtVf+Bc1n/jHhd/5d7Xv+ffFz/pXlX/6p0UP+tbkj/r2hA/7JjOf+1XzX/uV0z/7xcMv+/WzP/v1o1/75ZNv+6Vzj/tVQ6/65SPf+oUUL/o1JI/59UUP+cWVr/ml5l/5pkcP+aanr/mm+D/5t0iv+bd4//m3iS/wCBAH7/AG1tVP9xcFf/enVb/4V8YP+QgWP/m4Vl/6SFY/+qg1//r35Y/7J4UP+0ckj/tm1B/7lpPf+9Zjr/wGU6/8FkOv/CYjz/v2A9/7tePv+1W0D/rlhC/6dWRv+hVkz/nFhT/5lcXf+XYWf/lmZy/5ZsfP+WcYX/lnWM/5Z4kf+WeZP/AIEAfv8Acnhd/3d7X/9/gWT/iodp/5aNbP+hkG7/qpFt/7GPaP+1imL/uIRa/7p+Uv+8eUv/v3RH/8JxRP/EcEP/xm5E/8VsRP/DakX/vmdG/7djR/+wYEn/qF5N/6FdUv+cXln/mGFi/5ZmbP+Ua3b/lHGA/5R1if+TeZD/k3yU/5N9l/8AgQB+/wB3g2X/fIZo/4WMbf+QknL/nJh2/6eceP+wnXf/t5ty/7uXbP++kWT/wIpc/8KFVv/EgFH/x31O/8l7Tf/KeU3/yndO/8d1T//BcU//um1Q/7JpUv+qZlX/o2VZ/51mYP+YaWn/lW1y/5Ryff+Td4b/knyP/5J/lf+Sgpr/koOd/wCBAH7/AHqNbP9/kG//iJV0/5Ocef+fon3/q6Z//7Snf/+6pnv/v6F0/8KbbP/ElWX/xo9e/8iLWv/LiFf/zYZW/86EVv/Nglf/yn9Y/8R7WP+9d1n/tHNa/6xvXf+kbmH/nW5o/5lxcP+WdXr/lHmD/5N+jf+Sg5X/koac/5GJof+RiqP/AIEAfv8AeZJw/36Wcv+Hm3f/k6J9/5+ogf+qrYT/tK6D/7usf/+/qHn/wqJy/8Scav/Hl2T/yZNg/8yQXf/Ojl3/z4xd/86KXv/Lh1//xYNf/75/YP+1e2H/rHdk/6R2aP+edm//mXh3/5V8gP+TgIr/koWT/5GKnP+RjaL/kZCn/5CRqf8AgQB+/wB0k2//eZdy/4Kddv+OpHz/mqqB/6avhP+wsIP/t6+A/7yrev+/pXP/waBs/8SbZv/Hl2L/ypRg/8ySYP/OkWH/zY9i/8qMY//EiWT/vYVl/7SBZv+rfWn/o3xt/518dP+Yfnz/lIKF/5KGj/+Ri5n/kI+h/5CTqP+Plaz/j5eu/wCBAH7/AGuQav9wlG3/eppy/4Whd/+Sp33/nqx//6iuf/+vrXz/tal3/7ikcP+7n2r/vppl/8GXYf/FlWD/yJRg/8mTYf/JkWP/xo9k/8GMZv+6iGf/soRp/6mBbP+hgHD/m4B3/5aCf/+Shon/kIqT/4+PnP+OlKX/jper/42asP+Nm7L/AIEAfv8AYIpi/2WNZf9vk2r/e5tw/4iidf+Up3j/nql5/6aodv+rpXH/r6Br/7ObZf+2l2D/upRd/76TXf/Bkl7/w5Jf/8SRYv/Bj2T/vYxl/7aJZ/+uhWn/pYNt/56Ccv+Xgnj/k4SB/4+Ii/+NjZX/jJKe/4uWp/+Lmq7/i52y/4uetf8AgQB+/wBVgln/WoZc/2OMYf9wk2j/fZtt/4mgcP+UonH/nKJv/6Gfav+mm2X/qpdf/62TW/+ykFn/to9Y/7qPWv+9kFz/vo9f/7yOYv+4i2T/sYhm/6mFaf+hg2z/moJy/5SDef+PhYH/jImL/4qOlf+Jk5//iJio/4ibr/+InrP/iJ+2/wCBAH7/AEx8Uv9Rf1X/WoZa/2eNYP90lGb/gJpq/4uda/+TnGn/mppk/56WX/+iklr/p49W/6uNVP+wjFT/tIxW/7iNWf+5jVz/t4xf/7OKYv+th2T/poRn/56Ca/+XgnH/kYN4/4yFgf+JiYv/h46V/4eTn/+GmKj/hpyv/4aftP+FoLb/AYEAfv8ARnhN/0x7UP9Vglb/YYlc/2+RYv97lmb/hpln/4+ZZf+Vl2H/mpNc/56PV/+jjFP/p4pR/6yKUv+xilT/tYtX/7aMW/+1i17/sYlh/6uGY/+khGb/nIJr/5WBcP+Pgnj/i4WB/4iJi/+GjpX/hZOf/4WYqP+EnK//hJ+0/4Sgtv/00TmDZib1WAAAAABJRU5ErkJggg==" alt="" aria-hidden="true" />