data:image/png;base64,iVBORw0KGgoAAAANSUhEUgAAACAAAAAgCAYAAABzenr0AAAQxklEQVR4AQCBAH7/AHxnYwB8Z2MAfGhjAHxoYwB8aGIAfGhiFX1oYSp9aWE8fWlgSn1pYFN+aWBWfmlfU35qX0x+al9BfmpfNH5qXyZ+al8ZfmlfDX1pYAR9aWAAfWlhAH1oYQB8aGIAfGhjAXtnZAZ7Z2QLe2dlEXpmZhV6ZmYZemZmHHpmZx56ZmcfAIEAfv8AfGhjAHxoYwB8aGMAfGhiAHxoYgF8aGIXfWhhLH1pYT59aWBMfWlgVH5pX1d+al9VfmpfTn5qX0N+al82fmpfKH5qXxp+al8OfmlfBX1pYAB9aWEAfWhhAHxoYgB8aGMAfGdjBXtnZAp7Z2UOe2ZlE3pmZhZ6ZmYZemZnGnpmZxsAgQB+/wB8aGMAfGhjAHxoYgB8aGIAfGhiA31oYRl9aWEufWlgQH1pYE9+aV9XfmpfWn5qX1h+al5RfmpeRn5qXjl+al4qfmpeHX5qXxB+aV8HfWlgAH1pYAB9aWEAfGhiAHxoYgB8Z2MCe2dkBntnZQp7ZmUOemZmEXpmZhN6ZmYUemZnFQCBAH7/AHxoYgB8aGIAfGhiAH1oYQB9aWEGfWlhHH1pYDJ9aWBEfmlfU35qX1x+al5ffmpeXX5qXlZ+al5LfmpePX5qXi9+al4hfmpeFH5qXwp+aV8CfWlgAH1pYQB9aGEAfGhiAHxoYwB8Z2QCe2dkBXtnZQd7ZmUKemZmC3pmZgx6ZmYNAIEAfv8AfWhhAH1oYQB9aWEAfWlhAH1pYAt9aWAhfmlfN35qX0p+al9ZfmpeYn5qXmZ/al1kf2pdXX9rXVJ/a11Ef2pdNX9qXSd+al4ZfmpeDn5qXwV+aV8AfWlgAH1pYQB9aGIAfGhiAHxoYwB7Z2QAe2dkAHtnZQJ7ZmUCemZmA3pmZgMAgQB+/wB9aWAAfWlgAH1pYAB9aWAAfmlfEX5qXyh+al8+fmpeUX5qXmB/al1qf2tdbn9rXWx/a1xmf2tcW39rXE1/a1w+f2tdL39rXSF/al0VfmpeC35qXwR+aV8AfWlgAH1pYQB8aGIAfGhjAHxnYwB7Z2QAe2dkAHtnZQB7Z2UAe2ZlAACBAH7/AH5pXwB+al8AfmpfAH5qXwJ+al4YfmpeL39qXUZ/a11af2tdan9rXHR/a1x4f2tcd4BrW3GAa1tmgGtbWIBrXEl/a1w5f2tcK39rXR5/al0TfmpeCn5qXwR+aWAAfWlgAH1oYQB8aGIAfGhjAHxnYwB7Z2QAe2dkAHtnZQB7Z2UAAIEAfv8AfmpeAH5qXgB+al4Af2pdCX9rXSB/a104f2tcT39rXGSAa1t0gGtbf4BsW4SAbFuEgGxafoBsWnOAbFpmgGxbVoBsW0aAa1s3f2tcKX9rXB1/al0TfmpeC35qXwV9aWAAfWlgAH1oYQB8aGIAfGhjAHxnYwB7Z2QAe2dkAHtnZAAAgQB+/wB/a10Af2tdAH9rXAB/a1wSf2tcKYBrW0KAbFtagGxbb4BsWoCAbFqMgGxakoFsWZKBbFmMgWxZgoFsWXWAbFpmgGxaVoBsWkaAbFs3f2tcKn9rXB9/al0WfmpeDn5qXwd9aWABfWlhAH1oYQB8aGIAfGhjAHxoYwB8Z2MAfGdjAACBAH7/AIBrWwCAa1sAgGxbCIBsWxuAbFozgGxaTIBsWmWBbFl7gW1ZjYFtWZqBbViggW1YoYFtWJyBbViTgW1YhoFtWXeBbVlngWxZV4BsWkiAbFs6gGtcLn9rXCN/al0afmpeEX5qXwp9aWADfWlhAH1oYQB8aGIAfGhiAHxoYwB8aGMAAIEAfv8AgGxaAIBsWgKAbFoRgWxZJYFsWT2BbVlXgW1YcIFtWIeBbViagm1YqIJtV6+CbVexgm5XrYJtV6WCbVeYgW1YioFtWHqBbVlqgWxZW4BsWkyAbFs/f2tcM39rXSl/al0ffmpeFn5pXw19aWAFfWlhAH1oYQB8aGIAfGhiAHxoYgAAgQB+/wCBbVkDgW1YC4FtWBmBbVgugW1YRoJtWGGCbVd7gm5Xk4JuV6eCbla1gm5WvoJuVsGCbla+gm5WtoJuVquCbledgm5XjoFtWH6BbVhugWxZYIBsWlKAbFtFf2tcOn9rXS9+al4kfmpfG35pXxF9aWAJfWlhAX1oYQB8aGIAfGhiAACBAH7/AIJtVwqCblcSgm5XIYJuVzaCbldPgm5WaoJuVoWCbladg25VsoNuVcKDb1XMg29Vz4NvVc6DblXHg25VvYJuVrCCblahgm5XkoJtWIKBbVh0gWxZZoBsWlmAa1tMf2tcQX9qXTV+al4qfmpfIH1pYBZ9aWAOfWlhB31oYQJ9aGEAAIEAfv8Agm5WEIJuVhiCblYog25WPYNuVVaDb1Vxg29VjYNvVaaDb1S8g29UzINvVNeDb1Tcg29U3INvVNaDb1TNg29VwYNuVbOCblakgm5XlYFtWIeBbVl5gGxabIBsW19/a1xTf2tdR35qXjt+al8wfmlfJn1pYB19aWAVfWlhEH1pYQ0AgQB+/wCDb1UVg29VHYNvVSyDb1RBg29UW4NvVHeDb1SThG9TrYRvU8OEcFPUhHBT4IRwU+aEb1PnhG9T4oNvVNqDb1TPg29VwoNuVbWCblangm1XmYFtWIuBbFl+gGxacoBrW2V/a1xZf2pdTH5qXkF+al82fWlgLH1pYCV9aWEffWlhHACBAH7/AINvVBeEb1QfhG9TLoRvU0SEb1NehHBTeoRwU5aEcFKwhHBSx4RwUtmEcFLmhHBS7YRwUu6EcFPrhHBT5IRvVNqDb1TPg29VwoJuVrWCbleogW1Ym4FtWY6AbFqCgGxbdX9rXGl/al1cfmpeUX5qX0V+aWA7fWlgM31pYC59aWErAIEAfv8AhHBTF4RwUx+EcFMuhHBSRIRwUl2EcFJ6hHBSloRwUrGFcFLIhXBR2oVwUeiFcFLwhHBS8oRwUvCEcFLqhHBT4YNvVNeDb1XLg25Vv4JuVrOCbVingW1Zm4BsWo+AbFuDf2tcd39rXWp+al5efmpfU35pYEl9aWBBfWlgO31pYTgAgQB+/wCEcFIVhHBSHYRwUiyFcFJBhXBRW4VwUXeFcVGThXFRroVxUcWFcVHYhXFR5oVxUe6FcFHxhXBS8IRwUuuEcFPkhG9T2oNvVNCDblXFgm5WuoJtV6+BbVmkgGxamIBsW41/a1yBf2tddX5qXml+al9efWlgVH1pYEx9aWFGfWlhQwCBAH7/AIVxURCFcVEYhXFRJ4VxUTyFcVFVhXFRcYVxUI2FcVCnhXFQvoVxUNGFcVDfhXFR6IVxUeyFcFHrhHBS54RwUuGEb1PYg29Uz4NvVcaCbla8gm1XsoFtWaeAbFqdgGxbkn9rXId/al17fmpecH5qX2V9aWBbfWlgU31pYU19aWFKAIEAfv8AhXFRCoVxUBKFcVAhhXFQNYVxUE6FcVBphXFQhIVxUJ6FcVC1hXFQx4VxUNWFcVDehXFR4oVxUeKFcFLfhHBS2YRwU9KDb1TJg29VwYJuVriCbVevgW1ZpoBsWpyAa1uSf2tciH9qXX1+al5yfmlfaH1pYF59aWFWfWhhUX1oYU4AgQB+/wCFcVADhXFQCoVxUBiFcVAshXFQRIVxUF+GcVB5hnFQkoZxUKiGcVC6hXFQx4VxUNCFcVDUhXFR1IVwUdGEcFLMhHBTxoNvVL6DblW3gm5Wr4JtWKeBbVmfgGxal4BrW45/a12Efmpeen5qX299aWBlfWlhXH1oYVV9aGJPfGhiTQCBAH7/AIVxUACFcVAChXFQD4ZxUCOGcU86hnFPU4ZxT2yGcU+EhnFPmYZxT6qFcVC3hXFQv4VxUMOFcVHDhXBRwIRwUruEb1O2g29Ur4NuVaiCbleigW1Ym4FsWZSAbFqMf2tchH9rXXt+al5yfmlfaH1pYF99aWFWfGhiT3xoYkp8aGJHAIEAfv8AhnFPAIZxTwCGcU8GhnFPGIZxTy6GcU9GhnFPX4ZxT3WGcU+JhnFPmYZxUKWFcVCshXFQr4VxUa+EcFKshHBSp4RvU6KDb1Scgm5WloJuV5CBbViKgWxahIBsW35/a1x3f2peb35qX2Z9aWBdfWlhVHxoYkx8aGJFfGhjQHxoYz4AgQB+/wCGcU8AhnFPAIZxTwCGcU8OhnFPI4ZyTzqGck9QhnJPZoZxT3iGcU+HhXFQkYVxUJeFcVCahXFRmYRwUpaEcFORg29UjINvVYaCblaBgm1XfIFtWXeAbFpxgGtbbH9rXWV+al5efmlfVn1pYE59aGFGfGhiPnxoYzh8Z2MzfGdjMACBAH7/AIZxTwCGcU8AhnFPAIZxTwSGcU8YhnJPLYZyT0KGcU9WhnFPZ4ZxT3SFcVB9hXFQgoVxUYOFcFGChHBSfoRwU3mDb1R0g29Vb4JuVmqBbVhlgW1ZYYBsWlx/a1xYf2pdUn5qX0x9aWBEfWlhPXxoYjV8aGMufGdjKHtnZCN7Z2QhAIEAfv8AhnFPAIZxTwCGcU8AhnFPAIZxTw2GcU8hhnFPNYZxT0eGcU9WhnFQYoVxUGqFcVBthXFRboVwUWuEcFJnhG9TYoNvVFyDblVXgm5XUoFtWE6BbFlKgGxbRn9rXEJ+al49fmpfOH1pYDF9aGIqfGhjI3xnYxx7Z2QWe2dkEntnZRAAgQB+/wCGcU8AhnFPAIZxTwCGcU8AhnFPBIZxTxeGcU8phnFPOoZxT0eFcVBRhXFQV4VxUFqFcVFZhHBSVoRwU1GEb1NLg29VRYJuVkCCblc7gW1YOIBsWjSAa1sxf2tdLX5qXil+aWAkfWlhHnxoYhd8aGMQe2dkCntnZQR7Z2UAe2ZlAACBAH7/AIZxTwCGcU8AhnFPAIZxTwCGcU8AhnFPDoZxTx+GcU8uhnFQOoVxUEKFcVBHhXFRSIVwUUeEcFJChHBTPYNvVDaDb1Uwgm5WK4JtVyaBbVkjgGxaH39rXBx/al0ZfmpfFX1pYBF9aGELfGhjBXxnZAB7Z2QAe2dlAHtmZgB6ZmYAAIEAfv8AhnFPAIZxTwCGcU8AhnFPAIZxTwCGcU8GhnFPFoZxUCSFcVAvhXFQNoVxUDqFcVE6hXBRN4RwUjKEcFMsg29UJYNvVR6CblYZgW1YFIFtWRCAbFsNf2tcC39qXgh+al8EfWlgAHxoYgB8aGMAe2dkAHtnZQB7ZmYAemZmAHpmZgAAgQB+/wCGcU8AhnFPAIZxTwCGcU8AhnFPAIZxTwGGcVAQhXFQHIVxUCaFcVAthXFQL4VxUS6FcFIrhHBSJYRvUx6Db1QXg25VEIJuVwqBbVgGgWxZAoBsWwB/a1wAfmpeAH5pXwB9aWEAfGhiAHxnYwB7Z2QAe2ZlAHpmZgB6ZmYAemZnAACBAH7/AIZxUACGcVAAhnFQAIZxTwCGcU8AhnFQAIZxUAuFcVAXhXFQIIVxUCaFcVEohXFRJ4RwUiKEcFIchG9TFYNvVA2DblUGgm5XAIFtWACBbFoAgGxbAH9rXQB+al4AfmlgAH1pYQB8aGIAfGdjAHtnZQB7ZmUAemZmAHpmZwB6ZmcAAYEAfv8AhnFQAIZxUACGcVAAhnFQAIZxUACGcVAAhXFQCYVxUBWFcVAdhXFQI4VxUSSFcVEjhHBSHoRwUheEb1MQg29UCINuVgGCblcAgW1YAIFsWgCAbFsAf2tdAH5qXgB9aWAAfWlhAHxoYgB7Z2QAe2dlAHtmZgB6ZmYAemZnAHpmZwCYAjjTB5EprgAAAABJRU5ErkJggg==