uri: test-uri
hash: test-hash
type: test
exists: true
