data:image/png;base64,iVBORw0KGgoAAAANSUhEUgAAACAAAAAbCAYAAAAdx42aAAAOKElEQVR4AQCBAH7/AMro3v/E4df/udbL/6zIvP+gvK7/mbSk/5exnv+Zsp3/nrae/6K4n/+juJ3/oLSY/5qsj/+So4b/i5p+/4iWfP+Kl3//kZ2I/5ymlf+nsKL/rreu/7G5tf+vtbf/qK61/6Cksf+Yna//lZmw/5ebtv+dob//pqnL/6+x1f+0ttv/AIEAfv8AxeLa/7/c0v+z0Mb/p8O3/5y3qv+VsKD/k62b/5avmv+bspz/n7ad/6G2m/+espb/mKqO/5Chhf+JmX3/hpR6/4iVff+Qm4b/mqST/6StoP+stKz/r7az/6yztf+mq7P/nqKw/5ebrv+UmK//lpq2/52gwP+mqcv/r7LW/7S33P8AgQB+/wC82dH/tdLK/6rHvv+euq//lK+i/42omf+NppX/kKiV/5atl/+bsZn/nbGY/5uuk/+Vp4z/jZ6C/4aVe/+DkXj/hZF7/4yXg/+Vn4//oKid/6evqP+qsa//qK6x/6KnsP+anq3/lJis/5KVrv+VmLX/nZ/A/6apzP+vstf/tbfd/wCBAH7/ALDMxv+qxr//oLu0/5Svpv+KpJn/hJ6R/4Sdjv+JoI//j6aS/5WqlP+YrJT/l6mQ/5Giif+JmYD/g5F4/3+Mdf+AjHf/hpF//4+Yiv+ZoZf/oKei/6Opqf+hpqz/m5+r/5SYqP+Pkqj/jpGr/5KUs/+bnb//pafM/6+x2P+1tt7/AIEAfv8ApcC8/5+6tv+VsKr/iaSc/4Cakf97lIn/fJSG/4GYiP+Jnoz/j6SQ/5OmkP+SpI3/jZ2G/4WUff9+i3X/eoZx/3qFcv9/iXn/iJCE/5CYkP+XnZv/mp+h/5ecpP+SlqP/jI+i/4iKov+Iiqf/jY+w/5eYvf+jpMv/ra7X/7O03v8AgQB+/wCct7T/lrCu/4ymov+BmpX/eJGK/3SLgv91jID/e5CD/4OXiP+KnYz/jqCN/42eif+Il4L/gI55/3mFcf90f2z/c31t/3eAc/9/hn3/h42I/42Skv+Pk5j/jZCb/4eKmv+ChJn/f4Cb/4CBoP+Gh6v/kZK5/56eyP+pqdX/r6/c/wCBAH7/AJewsP+Rqqn/h5+e/3uTkf9yioX/boV+/2+FfP91in//fpGE/4WXiP+Kmon/iZiG/4ORf/97iHX/c35t/213Z/9sdGf/b3Zs/3V7dP98gX//gYWI/4OGjv+Bg5D/fH2Q/3d4kP90dZL/dnaY/359pP+KibP/l5bD/6Oi0P+pqNj/AIEAfv8Ala2v/4+mqP+FnJz/eY+P/2+Fg/9rgHv/bIB5/3GEe/96i4D/gZKE/4WUhv+EkoL/fot7/3aBcf9td2f/Zm9h/2RrYP9mbGT/a3Bs/3J1df92eX7/d3mD/3V2hv9wcIb/a2uG/2loiP9sa5D/dHOc/4F/rP+Pjbz/m5jK/6Kf0v8AgQB+/wCWrLD/kKWp/4Wanf94jY7/boKC/2l8ef9pe3b/bn94/3WFfP98i4D/gI6B/3+Lff95hHX/cHlr/2ZvYf9fZlv/XGJZ/15iXP9iZmT/aGps/2xtdP9tbXr/amp8/2VkfP9hX3z/X11//2Jgh/9raJT/eHSk/4aDtf+Tj8P/mpbL/wCBAH7/AJmtsv+Spqv/hpqe/3mMjv9tgIH/Z3h3/2Z2c/9qeXT/cH93/3eEev96hXr/eIN3/3J7bv9pcGT/X2Za/1hdU/9VWVH/VllV/1tcXP9gYWX/ZGRt/2Vkcv9iYHT/Xlt0/1lWdf9XU3j/W1aA/2NfjP9wa53/f3mu/4uGvP+SjcT/AIEAfv8Am620/5SmrP+HmZ7/eYqN/2x8fv9kc3P/YnBu/2Rybf9qdnD/b3ty/3J8cv9weW7/anFm/2FnXP9YXFL/UVRM/05QSv9QUU7/VVVW/1tZX/9fXWf/YF1t/15ab/9ZVXD/VU9w/1NNc/9WUHv/XliH/2tkl/95cqj/hX62/4yFvv8AgQB+/wCdrLP/laSr/4iXnP94h4v/anh6/2Btbv9caWf/Xmll/2JtZv9ncGj/aXFo/2huY/9iZlz/WV1S/1FTSf9LTET/SUlE/0xLSf9ST1H/WVVc/15ZZf9gWmv/Xlhu/1lTb/9VTW//U0ty/1VNef9dVYX/aWCU/3dupf+CebL/iYC6/wCBAH7/AJ2rsf+Voqj/h5SZ/3aDhv9ncnT/XGdn/1dhXv9XYFv/W2Jc/19lXf9hZl3/X2NY/1lcUf9SU0n/SktB/0ZFPf9GQz7/SkdF/1JNT/9aVFv/YFpm/2Ncbf9iWnH/XlVx/1lQcv9XTXT/WU57/2BVhv9rYJT/d2yk/4J3sP+Jfrj/AIEAfv8Anqiu/5Wgpf+GkZX/dX6B/2Rtbv9YYF//UllW/1FXUv9UWVL/WFxT/1pcUv9YWk7/U1RI/0xMQP9GRDr/Q0A3/0VBOv9LRkP/VU5P/19XXf9nXmn/a2Fy/2pgdv9mW3f/YVZ3/15Sef9fU3//ZViJ/29ilv97bqT/hXix/4t+uP8AgQB+/wCfp6v/lp6h/4ePkf91fHz/Y2pp/1ZcWf9PVE//TlJK/1BTSv9TVUr/VVZJ/1RTRv9QTkD/Skc6/0VBNf9EPjT/SEE5/1BIQ/9bUlL/Z11h/3Blb/92ann/dml+/3Jlf/9tX3//aVuA/2lahf9tXo3/dmeZ/4Bxp/+KerL/j4C4/wCBAH7/AKKoqf+an5//io+O/3d8ev9laWb/WFtV/1BTS/9OUEb/UVFF/1RTRf9WVEX/VVFC/1FMPP9MRjf/SEEz/0hAM/9NRDr/V0xG/2RYVv9xZWf/fG92/4J0gf+DdIf/gHCJ/3pqiP91ZYj/dGOM/3dlk/9+bJ3/h3Wp/499s/+Ugrn/AIEAfv8Aqayp/6CjoP+Qk4//fYB6/2xtZv9eX1b/VlZL/1RTRv9WVEX/WVZF/1tXRf9aVEL/V1A9/1JKN/9PRTT/T0U1/1VJPf9gU0r/b2Fb/31ubv+JeX7/kICK/5GAkP+OfJL/iHWR/4JvkP9/bJL/gW2Y/4Zyof+Oeqv/lYG0/5mFuf8AgQB+/wCysqz/qamj/5qakv+Hh37/dnVq/2hnWv9hXlD/X1xL/2FdSv9kX0r/Zl9J/2VcRv9hV0H/XFE7/1lNOP9ZTDn/YFJB/2tcT/96amH/inh0/5aEhv+ei5L/n4yY/5uHmv+VgJj/jnmX/4p0l/+KdJv/jnij/5R+rP+ahLT/noi5/wCBAH7/AL27sP+0sqf/paOX/5SRg/+DgHD/dnJh/3BrWP9vaFT/cWpT/3RrU/91bFL/c2lO/29jSP9pXEL/ZVc+/2VWP/9rW0f/d2VV/4ZzZ/+Vgnr/oo6M/6qVmP+rlp//p5Gg/6CJnv+ZgZv/k3yb/5J6nv+VfKT/moGs/5+Hs/+jirj/AIEAfv8AyMS1/8C8rP+yrZ3/oZyK/5KMeP+GgGr/gXli/4B4Xv+DeV7/hnte/4d7Xf+Ed1j/fnBR/3hoSv9yYkX/cmBF/3dkTP+Cbln/kHtr/6CKf/+tlpD/tZ2d/7aeo/+ymaT/qpGi/6KIn/+cgp3/mX+f/5uBpf+fhaz/pImy/6eMtv8AgQB+/wDSzLj/ysSw/722of+uppD/oJiA/5aNdP+RiGz/kohq/5WKav+YjGv/mYtp/5WGZP+Pflv/hnVT/4BtTP99akv/gWxQ/4t1XP+Zgm7/qJGB/7Wdkv+9pJ//vqSm/7qgp/+yl6T/qo6h/6OHn/+ghKD/oYWl/6WIq/+pjLH/rI+1/wCBAH7/ANnRuf/SyrH/xr2k/7ivlP+roob/o5l7/6GVdf+ilnT/ppl1/6qbdv+qmnT/ppVu/52LZP+UgVr/i3dS/4dyT/+Kc1P/knte/6CHb/+ulYH/u6GT/8Oon//Fqab/waSo/7mcpf+wk6L/qYyg/6aIof+niaX/qoyr/66Qsf+xkrX/AIEAfv8A3NO3/9bMsP/LwaT/v7SV/7Spif+uoYD/raB8/7CifP+1pn7/uKh//7inff+zoXb/qpZs/5+KYP+Vf1b/j3hR/5B4VP+Yf17/pIpu/7KXgP+/o5H/x6qe/8mspv/FqKf/vqCl/7aXov+vkKH/rI2i/62Npv+wkKz/tJSy/7aXtf8AgQB+/wDd0bP/18us/83Bof/CtpT/uayJ/7Sngv+1p4D/uaqB/7+vhP/Esob/w7GD/76qfP+0n3H/p5Fk/5yEWP+VfFL/lHtU/5uAXf+ni2z/tZh+/8Gkj//JrJ3/zK6k/8mqp//Co6X/upuj/7SUov+ykaP/spKn/7aVrv+6mbP/vJu3/wCBAH7/ANvPrf/Wyaf/zcCd/8O2kf+7rYj/uKqC/7qrgf/Ar4T/x7WI/8u5iv/LuIj/xbCA/7qkdP+tlmb/oIhZ/5h/Uv+XfFP/nYFb/6iLav+2mHz/wqSN/8usmv/OrqP/y6um/8Wlpf++naP/uZei/7aVpP+4lqn/u5mw/7+dtv/CoLn/AIEAfv8A2cuo/9TGov/Lvpn/wrSO/7ythv+6q4H/va2B/8Oyhf/LuYr/0L2M/9C8iv/KtIL/vqh1/7CYZ/+jilr/moBS/5h9Uv+dgVn/qIto/7aYef/DpIv/zKyZ/8+vov/NrKX/yKal/8GfpP+8mqP/upim/7uZq/+/nbH/w6G3/8aju/8BgQB+/wDXyaX/0sSg/8q8lv/Cs4z/vK2E/7qrgP++rYH/xbSF/826iv/Svo3/0r2L/8y2g//AqXb/spln/6SLWf+bgFH/mX1R/52BWP+oi2f/tph4/8Okiv/MrJj/z6+h/86tpf/Jp6X/wqCk/76bpP+8mab/vZus/8Gfsv/Go7n/yKW8/1XtyXeaise6AAAAAElFTkSuQmCC